# libname	<relative path under $PREFIX>
libbin_addpart.so	bin/addpart
libbin_am.so	bin/am
libbin_apt.so	bin/apt
libbin_apt_cache.so	bin/apt-cache
libbin_apt_config.so	bin/apt-config
libbin_apt_get.so	bin/apt-get
libbin_apt_key.so	bin/apt-key
libbin_apt_mark.so	bin/apt-mark
libbin_arp.so	bin/arp
libbin_asn1Coding.so	bin/asn1Coding
libbin_asn1Decoding.so	bin/asn1Decoding
libbin_asn1Parser.so	bin/asn1Parser
libbin_attr.so	bin/attr
libbin_bash.so	bin/bash
libbin_bits.so	bin/bits
libbin_blkpr.so	bin/blkpr
libbin_blockdev.so	bin/blockdev
libbin_bzdiff.so	bin/bzdiff
libbin_bzgrep.so	bin/bzgrep
libbin_bzip2.so	bin/bzip2
libbin_bzip2recover.so	bin/bzip2recover
libbin_bzmore.so	bin/bzmore
libbin_cal.so	bin/cal
libbin_chacl.so	bin/chacl
libbin_chcpu.so	bin/chcpu
libbin_choom.so	bin/choom
libbin_chrt.so	bin/chrt
libbin_chsh.so	bin/chsh
libbin_clear.so	bin/clear
libbin_cmd.so	bin/cmd
libbin_cmp.so	bin/cmp
libbin_col.so	bin/col
libbin_colcrt.so	bin/colcrt
libbin_colrm.so	bin/colrm
libbin_column.so	bin/column
libbin_coresched.so	bin/coresched
libbin_coreutils.so	bin/coreutils
libbin_ctrlaltdel.so	bin/ctrlaltdel
libbin_curl.so	bin/curl
libbin_curl_config.so	bin/curl-config
libbin_dalvikvm.so	bin/dalvikvm
libbin_dash.so	bin/dash
libbin_delpart.so	bin/delpart
libbin_df.so	bin/df
libbin_dialog.so	bin/dialog
libbin_diff.so	bin/diff
libbin_diff3.so	bin/diff3
libbin_dmesg.so	bin/dmesg
libbin_dnsdomainname.so	bin/dnsdomainname
libbin_dos2unix.so	bin/dos2unix
libbin_dpkg.so	bin/dpkg
libbin_dpkg_buildapi.so	bin/dpkg-buildapi
libbin_dpkg_buildtree.so	bin/dpkg-buildtree
libbin_dpkg_deb.so	bin/dpkg-deb
libbin_dpkg_divert.so	bin/dpkg-divert
libbin_dpkg_fsys_usrunmess.so	bin/dpkg-fsys-usrunmess
libbin_dpkg_query.so	bin/dpkg-query
libbin_dpkg_realpath.so	bin/dpkg-realpath
libbin_dpkg_split.so	bin/dpkg-split
libbin_dpkg_trigger.so	bin/dpkg-trigger
libbin_dumpsexp.so	bin/dumpsexp
libbin_ed.so	bin/ed
libbin_egrep.so	bin/egrep
libbin_enosys.so	bin/enosys
libbin_exch.so	bin/exch
libbin_fadvise.so	bin/fadvise
libbin_fallocate.so	bin/fallocate
libbin_fgrep.so	bin/fgrep
libbin_filecap.so	bin/filecap
libbin_fincore.so	bin/fincore
libbin_find.so	bin/find
libbin_flock.so	bin/flock
libbin_free.so	bin/free
libbin_fsck_cramfs.so	bin/fsck.cramfs
libbin_fsck_minix.so	bin/fsck.minix
libbin_fsfreeze.so	bin/fsfreeze
libbin_ftp.so	bin/ftp
libbin_funzip.so	bin/funzip
libbin_fuser.so	bin/fuser
libbin_gawk.so	bin/gawk
libbin_getfacl.so	bin/getfacl
libbin_getfattr.so	bin/getfattr
libbin_getopt.so	bin/getopt
libbin_getprop.so	bin/getprop
libbin_gpg_error.so	bin/gpg-error
libbin_gpg_error_config.so	bin/gpg-error-config
libbin_gpgrt_config.so	bin/gpgrt-config
libbin_gpgv.so	bin/gpgv
libbin_grep.so	bin/grep
libbin_gunzip.so	bin/gunzip
libbin_gzexe.so	bin/gzexe
libbin_gzip.so	bin/gzip
libbin_hardlink.so	bin/hardlink
libbin_hexdump.so	bin/hexdump
libbin_hmac256.so	bin/hmac256
libbin_hostname.so	bin/hostname
libbin_hugetop.so	bin/hugetop
libbin_hwclock.so	bin/hwclock
libbin_idn2.so	bin/idn2
libbin_ifconfig.so	bin/ifconfig
libbin_ionice.so	bin/ionice
libbin_ipmaddr.so	bin/ipmaddr
libbin_iptunnel.so	bin/iptunnel
libbin_irqtop.so	bin/irqtop
libbin_ischroot.so	bin/ischroot
libbin_isosize.so	bin/isosize
libbin_killall.so	bin/killall
libbin_ldattach.so	bin/ldattach
libbin_less.so	bin/less
libbin_lesskey.so	bin/lesskey
libbin_libassuan_config.so	bin/libassuan-config
libbin_libgcrypt_config.so	bin/libgcrypt-config
libbin_logcat.so	bin/logcat
libbin_logger.so	bin/logger
libbin_login.so	bin/login
libbin_look.so	bin/look
libbin_losetup.so	bin/losetup
libbin_lsclocks.so	bin/lsclocks
libbin_lscpu.so	bin/lscpu
libbin_lsfd.so	bin/lsfd
libbin_lsipc.so	bin/lsipc
libbin_lsirq.so	bin/lsirq
libbin_lsns.so	bin/lsns
libbin_lsof.so	bin/lsof
libbin_lzmadec.so	bin/lzmadec
libbin_lzmainfo.so	bin/lzmainfo
libbin_mcookie.so	bin/mcookie
libbin_mii_tool.so	bin/mii-tool
libbin_mkfs.so	bin/mkfs
libbin_mkfs_bfs.so	bin/mkfs.bfs
libbin_mkfs_cramfs.so	bin/mkfs.cramfs
libbin_mkfs_minix.so	bin/mkfs.minix
libbin_more.so	bin/more
libbin_mpicalc.so	bin/mpicalc
libbin_namei.so	bin/namei
libbin_nameif.so	bin/nameif
libbin_nano.so	bin/nano
libbin_ncursesw6_config.so	bin/ncursesw6-config
libbin_netcap.so	bin/netcap
libbin_netstat.so	bin/netstat
libbin_npth_config.so	bin/npth-config
libbin_nsenter.so	bin/nsenter
libbin_p11_kit.so	bin/p11-kit
libbin_patch.so	bin/patch
libbin_pcre2_config.so	bin/pcre2-config
libbin_peekfd.so	bin/peekfd
libbin_pgrep.so	bin/pgrep
libbin_pidof.so	bin/pidof
libbin_pidwait.so	bin/pidwait
libbin_ping.so	bin/ping
libbin_ping6.so	bin/ping6
libbin_pipesz.so	bin/pipesz
libbin_pkg.so	bin/pkg
libbin_pkill.so	bin/pkill
libbin_plipconfig.so	bin/plipconfig
libbin_pm.so	bin/pm
libbin_pmap.so	bin/pmap
libbin_prlimit.so	bin/prlimit
libbin_prtstat.so	bin/prtstat
libbin_ps.so	bin/ps
libbin_pscap.so	bin/pscap
libbin_pslog.so	bin/pslog
libbin_pstree.so	bin/pstree
libbin_pwdx.so	bin/pwdx
libbin_rarp.so	bin/rarp
libbin_readprofile.so	bin/readprofile
libbin_red.so	bin/red
libbin_rename.so	bin/rename
libbin_renice.so	bin/renice
libbin_resizepart.so	bin/resizepart
libbin_rev.so	bin/rev
libbin_route.so	bin/route
libbin_rtcwake.so	bin/rtcwake
libbin_run_parts.so	bin/run-parts
libbin_savelog.so	bin/savelog
libbin_script.so	bin/script
libbin_scriptlive.so	bin/scriptlive
libbin_scriptreplay.so	bin/scriptreplay
libbin_sdiff.so	bin/sdiff
libbin_sed.so	bin/sed
libbin_setarch.so	bin/setarch
libbin_setfacl.so	bin/setfacl
libbin_setfattr.so	bin/setfattr
libbin_setpgid.so	bin/setpgid
libbin_setpriv.so	bin/setpriv
libbin_setsid.so	bin/setsid
libbin_setterm.so	bin/setterm
libbin_settings.so	bin/settings
libbin_slattach.so	bin/slattach
libbin_start_stop_daemon.so	bin/start-stop-daemon
libbin_su.so	bin/su
libbin_sysctl.so	bin/sysctl
libbin_tar.so	bin/tar
libbin_taskset.so	bin/taskset
libbin_telnet.so	bin/telnet
libbin_tempfile.so	bin/tempfile
libbin_termux_am.so	bin/termux-am
libbin_termux_am_socket.so	bin/termux-am-socket
libbin_termux_apps_info_app_version_name.so	bin/termux-apps-info-app-version-name
libbin_termux_apps_info_app_version_name_bash.so	bin/termux-apps-info-app-version-name.bash
libbin_termux_apps_info_app_version_name_sh.so	bin/termux-apps-info-app-version-name.sh
libbin_termux_apps_info_env_variable.so	bin/termux-apps-info-env-variable
libbin_termux_apps_info_env_variable_bash.so	bin/termux-apps-info-env-variable.bash
libbin_termux_apps_info_env_variable_sh.so	bin/termux-apps-info-env-variable.sh
libbin_termux_backup.so	bin/termux-backup
libbin_termux_change_repo.so	bin/termux-change-repo
libbin_termux_exec_ld_preload_lib.so	bin/termux-exec-ld-preload-lib
libbin_termux_exec_system_linker_exec.so	bin/termux-exec-system-linker-exec
libbin_termux_fix_shebang.so	bin/termux-fix-shebang
libbin_termux_info.so	bin/termux-info
libbin_termux_open.so	bin/termux-open
libbin_termux_open_url.so	bin/termux-open-url
libbin_termux_reload_settings.so	bin/termux-reload-settings
libbin_termux_reset.so	bin/termux-reset
libbin_termux_restore.so	bin/termux-restore
libbin_termux_scoped_env_variable.so	bin/termux-scoped-env-variable
libbin_termux_scoped_env_variable_bash.so	bin/termux-scoped-env-variable.bash
libbin_termux_scoped_env_variable_sh.so	bin/termux-scoped-env-variable.sh
libbin_termux_setup_package_manager.so	bin/termux-setup-package-manager
libbin_termux_setup_storage.so	bin/termux-setup-storage
libbin_termux_wake_lock.so	bin/termux-wake-lock
libbin_termux_wake_unlock.so	bin/termux-wake-unlock
libbin_tftp.so	bin/tftp
libbin_tload.so	bin/tload
libbin_top.so	bin/top
libbin_trust.so	bin/trust
libbin_tset.so	bin/tset
libbin_uclampset.so	bin/uclampset
libbin_ul.so	bin/ul
libbin_uncompress.so	bin/uncompress
libbin_unix2dos.so	bin/unix2dos
libbin_unshare.so	bin/unshare
libbin_unzip.so	bin/unzip
libbin_unzipsfx.so	bin/unzipsfx
libbin_update_alternatives.so	bin/update-alternatives
libbin_uptime.so	bin/uptime
libbin_vmstat.so	bin/vmstat
libbin_waitpid.so	bin/waitpid
libbin_watch.so	bin/watch
libbin_wcurl.so	bin/wcurl
libbin_wdctl.so	bin/wdctl
libbin_whereis.so	bin/whereis
libbin_xargs.so	bin/xargs
libbin_xxhsum.so	bin/xxhsum
libbin_xz.so	bin/xz
libbin_xzdec.so	bin/xzdec
libbin_xzdiff.so	bin/xzdiff
libbin_xzgrep.so	bin/xzgrep
libbin_xzless.so	bin/xzless
libbin_xzmore.so	bin/xzmore
libbin_yat2m.so	bin/yat2m
libbin_zcat.so	bin/zcat
libbin_zcmp.so	bin/zcmp
libbin_zdiff.so	bin/zdiff
libbin_zegrep.so	bin/zegrep
libbin_zfgrep.so	bin/zfgrep
libbin_zforce.so	bin/zforce
libbin_zgrep.so	bin/zgrep
libbin_zipgrep.so	bin/zipgrep
libbin_zmore.so	bin/zmore
libbin_znew.so	bin/znew
libbin_zramctl.so	bin/zramctl
libbin_zstd.so	bin/zstd
libbin_zstdgrep.so	bin/zstdgrep
libbin_zstdless.so	bin/zstdless
liblib_apt_apt_helper.so	lib/apt/apt-helper
liblib_apt_methods_copy.so	lib/apt/methods/copy
liblib_apt_methods_file.so	lib/apt/methods/file
liblib_apt_methods_gpgv.so	lib/apt/methods/gpgv
liblib_apt_methods_http.so	lib/apt/methods/http
liblib_apt_methods_rsh.so	lib/apt/methods/rsh
liblib_apt_methods_store.so	lib/apt/methods/store
liblibexec_awk_grcat.so	libexec/awk/grcat
liblibexec_awk_pwcat.so	libexec/awk/pwcat
liblibexec_coreutils_libstdbuf_so.so	libexec/coreutils/libstdbuf.so
liblibexec_frcode.so	libexec/frcode
liblibexec_inetd.so	libexec/inetd
liblibexec_lessecho.so	libexec/lessecho
liblibexec_p11_kit_p11_kit_remote.so	libexec/p11-kit/p11-kit-remote
liblibexec_p11_kit_p11_kit_server.so	libexec/p11-kit/p11-kit-server
liblibexec_rmt.so	libexec/rmt
liblibexec_syslogd.so	libexec/syslogd
liblibexec_telnetd.so	libexec/telnetd
liblibexec_termux_command_not_found.so	libexec/termux/command-not-found
liblibexec_tftpd.so	libexec/tftpd
